******************************************************************************
                  TI ARM Linker Unix v18.1.2                   
******************************************************************************
>> Linked Fri Nov 30 10:52:59 2018

OUTPUT FILE NAME:   <project.out>
ENTRY POINT SYMBOL: "_c_int00_noargs"  address: 00001125


MEMORY CONFIGURATION

         name            origin    length      used     unused   attr    fill
----------------------  --------  ---------  --------  --------  ----  --------
  MAIN                  00000000   00040000  000014fc  0003eb04  R  X
  INFO                  00200000   00004000  00000000  00004000  R  X
  SRAM_CODE             01000000   00010000  00000294  0000fd6c  RW X
  SRAM_DATA             20000000   00010000  00000294  0000fd6c  RW  


SEGMENT ALLOCATION MAP

run origin  load origin   length   init length attrs members
----------  ----------- ---------- ----------- ----- -------
00000000    00000000    00001500   00001500    r-x
  00000000    00000000    000000e4   000000e4    r-- .intvecs
  000000e4    000000e4    00001324   00001324    r-x .text
  00001408    00001408    00000064   00000064    r-- .const
  00001470    00001470    00000090   00000090    r-- .cinit
20000000    20000000    00000094   00000000    rw-
  20000000    20000000    00000084   00000000    rw- .data
  20000084    20000084    00000010   00000000    rw- .bss
2000fe00    2000fe00    00000200   00000000    rw-
  2000fe00    2000fe00    00000200   00000000    rw- .stack


SECTION ALLOCATION MAP

 output                                  attributes/
section   page    origin      length       input sections
--------  ----  ----------  ----------   ----------------
.intvecs   0    00000000    000000e4     
                  00000000    000000e4     startup_msp432p401r_ccs.obj (.intvecs:retain)

.text      0    000000e4    00001324     
                  000000e4    000004b4     main.obj (.text)
                  00000598    00000334     system_msp432p401r.obj (.text)
                  000008cc    0000014c     msp432p4xx_driverlib.lib : cs.o (.text:CS_setDCOFrequency)
                  00000a18    000000e0                              : cs.o (.text:CS_initClockSignal)
                  00000af8    000000b2                              : timer_a.o (.text:privateTimer_AProcessClockSourceDivider)
                  00000baa    0000009c     rtsv7M4_T_le_v4SPD16_eabi.lib : memcpy_t2.asm.obj (.text)
                  00000c46    00000002     --HOLE-- [fill = 0]
                  00000c48    00000094     msp432p4xx_driverlib.lib : uart.o (.text:UART_initModule)
                  00000cdc    00000086     rtsv7M4_T_le_v4SPD16_eabi.lib : fd_cmp_t2.asm.obj (.text:__aeabi_cdcmple)
                  00000d62    00000086                                   : fd_cmp_t2.asm.obj (.text:__aeabi_cdrcmple)
                  00000de8    00000068                                   : copy_decompress_lzss.c.obj (.text:decompress:lzss:__TI_decompress_lzss)
                  00000e50    00000064     msp432p4xx_driverlib.lib : interrupt.o (.text:Interrupt_disableInterrupt)
                  00000eb4    00000064                              : interrupt.o (.text:Interrupt_enableInterrupt)
                  00000f18    00000054                              : cs.o (.text:CS_tuneDCOFrequency)
                  00000f6c    00000050                              : sysctl.o (.text:SysCtl_getTLVInfo)
                  00000fbc    0000004c                              : gpio.o (.text:GPIO_setAsPeripheralModuleFunctionOutputPin)
                  00001008    00000048                              : gpio.o (.text:GPIO_setAsPeripheralModuleFunctionInputPin)
                  00001050    00000048                              : timer32.o (.text:Timer32_initModule)
                  00001098    00000048                              : timer_a.o (.text:Timer_A_generatePWM)
                  000010e0    00000044     rtsv7M4_T_le_v4SPD16_eabi.lib : autoinit.c.obj (.text:__TI_auto_init_nobinit_nopinit:__TI_auto_init_nobinit_nopinit)
                  00001124    00000038                                   : boot_cortex_m.c.obj (.text:_c_int00_noargs:_c_int00_noargs)
                  0000115c    00000038                                   : fs_tod_t2.asm.obj (.text)
                  00001194    00000030     msp432p4xx_driverlib.lib : gpio.o (.text:GPIO_getEnabledInterruptStatus)
                  000011c4    00000030                              : gpio.o (.text:GPIO_setAsInputPinWithPullUpResistor)
                  000011f4    00000024                              : cs.o (.text:CS_setDCOCenteredFrequency)
                  00001218    00000024                              : gpio.o (.text:GPIO_setAsOutputPin)
                  0000123c    00000024                              : timer32.o (.text:Timer32_setCount)
                  00001260    00000024                              : uart.o (.text:UART_receiveData)
                  00001284    00000020                              : timer32.o (.text:Timer32_startTimer)
                  000012a4    00000018                              : gpio.o (.text:GPIO_clearInterruptFlag)
                  000012bc    00000018                              : gpio.o (.text:GPIO_getInputPinValue)
                  000012d4    00000018                              : gpio.o (.text:GPIO_setOutputLowOnPin)
                  000012ec    00000018                              : wdt_a.o (.text:WDT_A_holdTimer)
                  00001304    00000016                              : uart.o (.text:UART_enableInterrupt)
                  0000131a    00000002     --HOLE-- [fill = 0]
                  0000131c    00000014                              : fpu.o (.text:FPU_enableModule)
                  00001330    00000014                              : gpio.o (.text:GPIO_enableInterrupt)
                  00001344    00000014                              : gpio.o (.text:GPIO_setOutputHighOnPin)
                  00001358    00000012     rtsv7M4_T_le_v4SPD16_eabi.lib : copy_zero_init.c.obj (.text:decompress:ZI:__TI_zero_init_nomemset:__TI_zero_init_nomemset)
                  0000136a    00000002     --HOLE-- [fill = 0]
                  0000136c    00000010     msp432p4xx_driverlib.lib : gpio.o (.text:GPIO_getInterruptStatus)
                  0000137c    00000010                              : interrupt.o (.text:Interrupt_disableMaster)
                  0000138c    00000010                              : interrupt.o (.text:Interrupt_enableMaster)
                  0000139c    0000000e                              : uart.o (.text:UART_clearInterruptFlag)
                  000013aa    0000000e     rtsv7M4_T_le_v4SPD16_eabi.lib : copy_decompress_none.c.obj (.text:decompress:none:__TI_decompress_none)
                  000013b8    0000000e     startup_msp432p401r_ccs.obj (.text)
                  000013c6    0000000c     msp432p4xx_driverlib.lib : cpu.o (.text:CPU_cpsid)
                  000013d2    0000000c                              : cpu.o (.text:CPU_cpsie)
                  000013de    0000000c                              : uart.o (.text:UART_enableModule)
                  000013ea    0000000a                              : timer32.o (.text:Timer32_disableInterrupt)
                  000013f4    00000008                              : timer_a.o (.text:Timer_A_startCounter)
                  000013fc    00000004                              : timer32.o (.text:Timer32_getValue)
                  00001400    00000004     rtsv7M4_T_le_v4SPD16_eabi.lib : pre_init.c.obj (.text:_system_pre_init)
                  00001404    00000004                                   : exit.c.obj (.text:abort:abort)

.const     0    00001408    00000064     
                  00001408    00000040     msp432p4xx_driverlib.lib : interrupt.o (.const)
                  00001448    00000024     main.obj (.const:$P$T0$1)

.cinit     0    00001470    00000090     
                  00001470    00000066     (.cinit..data.load) [load image, compression = lzss]
                  000014d6    00000002     --HOLE-- [fill = 0]
                  000014d8    0000000c     (__TI_handler_table)
                  000014e4    00000004     --HOLE-- [fill = 0]
                  000014e8    00000008     (.cinit..bss.load) [load image, compression = zero_init]
                  000014f0    00000010     (__TI_cinit_table)

.init_array 
*          0    00000000    00000000     UNINITIALIZED

.binit     0    00000000    00000000     

.data      0    20000000    00000084     UNINITIALIZED
                  20000000    00000030     msp432p4xx_driverlib.lib : gpio.o (.data:GPIO_PORT_TO_BASE)
                  20000030    00000020     main.obj (.data)
                  20000050    00000018     main.obj (.data:pwmConfig1)
                  20000068    00000018     main.obj (.data:pwmConfig2)
                  20000080    00000004     system_msp432p401r.obj (.data)

.bss       0    20000084    00000010     UNINITIALIZED
                  20000084    00000004     (.common:dist)
                  20000088    00000004     (.common:lastPos)
                  2000008c    00000004     (.common:pos)
                  20000090    00000004     (.common:speed)

.stack     0    2000fe00    00000200     UNINITIALIZED
                  2000fe00    00000004     rtsv7M4_T_le_v4SPD16_eabi.lib : boot_cortex_m.c.obj (.stack)
                  2000fe04    000001fc     --HOLE--

MODULE SUMMARY

       Module                        code   ro data   rw data
       ------                        ----   -------   -------
    ./
       main.obj                      1204   36        192    
       system_msp432p401r.obj        820    0         8      
       startup_msp432p401r_ccs.obj   14     228       0      
    +--+-----------------------------+------+---------+---------+
       Total:                        2038   264       200    
                                                             
    /Applications/ti/ccsv8/tools/compiler/ti-cgt-arm_18.1.2.LTS/lib/rtsv7M4_T_le_v4SPD16_eabi.lib
       fd_cmp_t2.asm.obj             268    0         0      
       memcpy_t2.asm.obj             156    0         0      
       copy_decompress_lzss.c.obj    104    0         0      
       autoinit.c.obj                68     0         0      
       boot_cortex_m.c.obj           56     0         0      
       fs_tod_t2.asm.obj             56     0         0      
       copy_zero_init.c.obj          18     0         0      
       copy_decompress_none.c.obj    14     0         0      
       exit.c.obj                    4      0         0      
       pre_init.c.obj                4      0         0      
    +--+-----------------------------+------+---------+---------+
       Total:                        748    0         0      
                                                             
    /Applications/ti/msp432_driverlib_3_21_00_05/driverlib/MSP432P4xx/ccs/msp432p4xx_driverlib.lib
       cs.o                          676    0         0      
       gpio.o                        408    0         96     
       interrupt.o                   232    64        0      
       timer_a.o                     258    0         0      
       uart.o                        232    0         0      
       timer32.o                     154    0         0      
       sysctl.o                      80     0         0      
       cpu.o                         24     0         0      
       wdt_a.o                       24     0         0      
       fpu.o                         20     0         0      
    +--+-----------------------------+------+---------+---------+
       Total:                        2108   64        96     
                                                             
       Stack:                        0      0         1024   
       Linker Generated:             0      138       0      
    +--+-----------------------------+------+---------+---------+
       Grand Total:                  4894   466       1320   


LINKER GENERATED COPY TABLES

__TI_cinit_table @ 000014f0 records: 2, size/record: 8, table size: 16
	.data: load addr=00001470, load size=00000066 bytes, run addr=20000000, run size=00000084 bytes, compression=lzss
	.bss: load addr=000014e8, load size=00000008 bytes, run addr=20000084, run size=00000010 bytes, compression=zero_init


LINKER GENERATED HANDLER TABLE

__TI_handler_table @ 000014d8 records: 3, size/record: 4, table size: 12
	index: 0, handler: __TI_decompress_lzss
	index: 1, handler: __TI_decompress_none
	index: 2, handler: __TI_zero_init


GLOBAL SYMBOLS: SORTED ALPHABETICALLY BY Name 

address   name                                       
-------   ----                                       
000013c5  ADC14_IRQHandler                           
000013c5  AES256_IRQHandler                          
000013c5  BusFault_Handler                           
00001405  C$$EXIT                                    
000013c5  COMP_E0_IRQHandler                         
000013c5  COMP_E1_IRQHandler                         
000013c7  CPU_cpsid                                  
000013d3  CPU_cpsie                                  
000013c5  CS_IRQHandler                              
00000a19  CS_initClockSignal                         
000011f5  CS_setDCOCenteredFrequency                 
000008cd  CS_setDCOFrequency                         
00000f19  CS_tuneDCOFrequency                        
20000040  DC                                         
000013c5  DMA_ERR_IRQHandler                         
000013c5  DMA_INT0_IRQHandler                        
000013c5  DMA_INT1_IRQHandler                        
000013c5  DMA_INT2_IRQHandler                        
000013c5  DMA_INT3_IRQHandler                        
000013c5  DebugMon_Handler                           
000013c5  Default_Handler                            
00000225  EUSCIA0_IRQHandler                         
00000225  EUSCIA0_IRQHandler                         
000013c5  EUSCIA1_IRQHandler                         
000013c5  EUSCIA2_IRQHandler                         
000013c5  EUSCIA3_IRQHandler                         
000013c5  EUSCIB0_IRQHandler                         
000013c5  EUSCIB1_IRQHandler                         
000013c5  EUSCIB2_IRQHandler                         
000013c5  EUSCIB3_IRQHandler                         
000013c5  FLCTL_IRQHandler                           
000013c5  FPU_IRQHandler                             
0000131d  FPU_enableModule                           
000012a5  GPIO_clearInterruptFlag                    
00001331  GPIO_enableInterrupt                       
00001195  GPIO_getEnabledInterruptStatus             
000012bd  GPIO_getInputPinValue                      
0000136d  GPIO_getInterruptStatus                    
000011c5  GPIO_setAsInputPinWithPullUpResistor       
00001219  GPIO_setAsOutputPin                        
00001009  GPIO_setAsPeripheralModuleFunctionInputPin 
00000fbd  GPIO_setAsPeripheralModuleFunctionOutputPin
00001345  GPIO_setOutputHighOnPin                    
000012d5  GPIO_setOutputLowOnPin                     
000013c5  HardFault_Handler                          
00000e51  Interrupt_disableInterrupt                 
0000137d  Interrupt_disableMaster                    
00000eb5  Interrupt_enableInterrupt                  
0000138d  Interrupt_enableMaster                     
2000004c  Kd                                         
20000048  Kp                                         
000013c5  MemManage_Handler                          
000013c5  NMI_Handler                                
000013c5  PCM_IRQHandler                             
000004a5  PORT1_IRQHandler                           
000004a5  PORT1_IRQHandler                           
000013c5  PORT2_IRQHandler                           
000013c5  PORT3_IRQHandler                           
000013c5  PORT4_IRQHandler                           
000013c5  PORT5_IRQHandler                           
000013c5  PORT6_IRQHandler                           
000013c5  PSS_IRQHandler                             
000013c5  PendSV_Handler                             
000013c5  RTC_C_IRQHandler                           
000013b9  Reset_Handler                              
000013c5  SVC_Handler                                
00000f6d  SysCtl_getTLVInfo                          
000013c5  SysTick_Handler                            
20000080  SystemCoreClock                            
00000599  SystemCoreClockUpdate                      
00000811  SystemInit                                 
000013c5  T32_INT1_IRQHandler                        
000013c5  T32_INT2_IRQHandler                        
000013c5  T32_INTC_IRQHandler                        
000013c5  TA0_0_IRQHandler                           
000013c5  TA0_N_IRQHandler                           
000013c5  TA1_0_IRQHandler                           
000013c5  TA1_N_IRQHandler                           
000013c5  TA2_0_IRQHandler                           
000013c5  TA2_N_IRQHandler                           
000013c5  TA3_0_IRQHandler                           
000013c5  TA3_N_IRQHandler                           
000013eb  Timer32_disableInterrupt                   
000013fd  Timer32_getValue                           
00001051  Timer32_initModule                         
0000123d  Timer32_setCount                           
00001285  Timer32_startTimer                         
00001099  Timer_A_generatePWM                        
000013f5  Timer_A_startCounter                       
0000139d  UART_clearInterruptFlag                    
00001305  UART_enableInterrupt                       
000013df  UART_enableModule                          
00000c49  UART_initModule                            
00001261  UART_receiveData                           
000013c5  UsageFault_Handler                         
4000480c  WDTCTL_SYM                                 
000013c5  WDT_A_IRQHandler                           
000012ed  WDT_A_holdTimer                            
20010000  __STACK_END                                
00000200  __STACK_SIZE                               
000014f0  __TI_CINIT_Base                            
00001500  __TI_CINIT_Limit                           
000014d8  __TI_Handler_Table_Base                    
000014e4  __TI_Handler_Table_Limit                   
000010e1  __TI_auto_init_nobinit_nopinit             
00000de9  __TI_decompress_lzss                       
000013ab  __TI_decompress_none                       
ffffffff  __TI_pprof_out_hndl                        
ffffffff  __TI_prof_data_size                        
ffffffff  __TI_prof_data_start                       
00000000  __TI_static_base__                         
00001359  __TI_zero_init_nomemset                    
00000cdd  __aeabi_cdcmpeq                            
00000cdd  __aeabi_cdcmple                            
00000d63  __aeabi_cdrcmple                           
0000115d  __aeabi_f2d                                
00000bab  __aeabi_memcpy                             
00000bab  __aeabi_memcpy4                            
00000bab  __aeabi_memcpy8                            
ffffffff  __binit__                                  
ffffffff  __c_args__                                 
UNDEFED   __mpu_init                                 
2000fe00  __stack                                    
00001125  _c_int00_noargs                            
UNDEFED   _system_post_cinit                         
00001401  _system_pre_init                           
20000031  a                                          
00001405  abort                                      
20000032  b                                          
2000003c  beep                                       
ffffffff  binit                                      
20000033  c                                          
20000034  d                                          
20000084  dist                                       
00000000  interruptVectors                           
20000044  keepd                                      
20000088  lastPos                                    
000000e5  main                                       
00000bab  memcpy                                     
2000008c  pos                                        
20000050  pwmConfig1                                 
20000068  pwmConfig2                                 
20000030  rx                                         
20000090  speed                                      
20000038  state                                      


GLOBAL SYMBOLS: SORTED BY Symbol Address 

address   name                                       
-------   ----                                       
00000000  __TI_static_base__                         
00000000  interruptVectors                           
000000e5  main                                       
00000200  __STACK_SIZE                               
00000225  EUSCIA0_IRQHandler                         
00000225  EUSCIA0_IRQHandler                         
000004a5  PORT1_IRQHandler                           
000004a5  PORT1_IRQHandler                           
00000599  SystemCoreClockUpdate                      
00000811  SystemInit                                 
000008cd  CS_setDCOFrequency                         
00000a19  CS_initClockSignal                         
00000bab  __aeabi_memcpy                             
00000bab  __aeabi_memcpy4                            
00000bab  __aeabi_memcpy8                            
00000bab  memcpy                                     
00000c49  UART_initModule                            
00000cdd  __aeabi_cdcmpeq                            
00000cdd  __aeabi_cdcmple                            
00000d63  __aeabi_cdrcmple                           
00000de9  __TI_decompress_lzss                       
00000e51  Interrupt_disableInterrupt                 
00000eb5  Interrupt_enableInterrupt                  
00000f19  CS_tuneDCOFrequency                        
00000f6d  SysCtl_getTLVInfo                          
00000fbd  GPIO_setAsPeripheralModuleFunctionOutputPin
00001009  GPIO_setAsPeripheralModuleFunctionInputPin 
00001051  Timer32_initModule                         
00001099  Timer_A_generatePWM                        
000010e1  __TI_auto_init_nobinit_nopinit             
00001125  _c_int00_noargs                            
0000115d  __aeabi_f2d                                
00001195  GPIO_getEnabledInterruptStatus             
000011c5  GPIO_setAsInputPinWithPullUpResistor       
000011f5  CS_setDCOCenteredFrequency                 
00001219  GPIO_setAsOutputPin                        
0000123d  Timer32_setCount                           
00001261  UART_receiveData                           
00001285  Timer32_startTimer                         
000012a5  GPIO_clearInterruptFlag                    
000012bd  GPIO_getInputPinValue                      
000012d5  GPIO_setOutputLowOnPin                     
000012ed  WDT_A_holdTimer                            
00001305  UART_enableInterrupt                       
0000131d  FPU_enableModule                           
00001331  GPIO_enableInterrupt                       
00001345  GPIO_setOutputHighOnPin                    
00001359  __TI_zero_init_nomemset                    
0000136d  GPIO_getInterruptStatus                    
0000137d  Interrupt_disableMaster                    
0000138d  Interrupt_enableMaster                     
0000139d  UART_clearInterruptFlag                    
000013ab  __TI_decompress_none                       
000013b9  Reset_Handler                              
000013c5  ADC14_IRQHandler                           
000013c5  AES256_IRQHandler                          
000013c5  BusFault_Handler                           
000013c5  COMP_E0_IRQHandler                         
000013c5  COMP_E1_IRQHandler                         
000013c5  CS_IRQHandler                              
000013c5  DMA_ERR_IRQHandler                         
000013c5  DMA_INT0_IRQHandler                        
000013c5  DMA_INT1_IRQHandler                        
000013c5  DMA_INT2_IRQHandler                        
000013c5  DMA_INT3_IRQHandler                        
000013c5  DebugMon_Handler                           
000013c5  Default_Handler                            
000013c5  EUSCIA1_IRQHandler                         
000013c5  EUSCIA2_IRQHandler                         
000013c5  EUSCIA3_IRQHandler                         
000013c5  EUSCIB0_IRQHandler                         
000013c5  EUSCIB1_IRQHandler                         
000013c5  EUSCIB2_IRQHandler                         
000013c5  EUSCIB3_IRQHandler                         
000013c5  FLCTL_IRQHandler                           
000013c5  FPU_IRQHandler                             
000013c5  HardFault_Handler                          
000013c5  MemManage_Handler                          
000013c5  NMI_Handler                                
000013c5  PCM_IRQHandler                             
000013c5  PORT2_IRQHandler                           
000013c5  PORT3_IRQHandler                           
000013c5  PORT4_IRQHandler                           
000013c5  PORT5_IRQHandler                           
000013c5  PORT6_IRQHandler                           
000013c5  PSS_IRQHandler                             
000013c5  PendSV_Handler                             
000013c5  RTC_C_IRQHandler                           
000013c5  SVC_Handler                                
000013c5  SysTick_Handler                            
000013c5  T32_INT1_IRQHandler                        
000013c5  T32_INT2_IRQHandler                        
000013c5  T32_INTC_IRQHandler                        
000013c5  TA0_0_IRQHandler                           
000013c5  TA0_N_IRQHandler                           
000013c5  TA1_0_IRQHandler                           
000013c5  TA1_N_IRQHandler                           
000013c5  TA2_0_IRQHandler                           
000013c5  TA2_N_IRQHandler                           
000013c5  TA3_0_IRQHandler                           
000013c5  TA3_N_IRQHandler                           
000013c5  UsageFault_Handler                         
000013c5  WDT_A_IRQHandler                           
000013c7  CPU_cpsid                                  
000013d3  CPU_cpsie                                  
000013df  UART_enableModule                          
000013eb  Timer32_disableInterrupt                   
000013f5  Timer_A_startCounter                       
000013fd  Timer32_getValue                           
00001401  _system_pre_init                           
00001405  C$$EXIT                                    
00001405  abort                                      
000014d8  __TI_Handler_Table_Base                    
000014e4  __TI_Handler_Table_Limit                   
000014f0  __TI_CINIT_Base                            
00001500  __TI_CINIT_Limit                           
20000030  rx                                         
20000031  a                                          
20000032  b                                          
20000033  c                                          
20000034  d                                          
20000038  state                                      
2000003c  beep                                       
20000040  DC                                         
20000044  keepd                                      
20000048  Kp                                         
2000004c  Kd                                         
20000050  pwmConfig1                                 
20000068  pwmConfig2                                 
20000080  SystemCoreClock                            
20000084  dist                                       
20000088  lastPos                                    
2000008c  pos                                        
20000090  speed                                      
2000fe00  __stack                                    
20010000  __STACK_END                                
4000480c  WDTCTL_SYM                                 
ffffffff  __TI_pprof_out_hndl                        
ffffffff  __TI_prof_data_size                        
ffffffff  __TI_prof_data_start                       
ffffffff  __binit__                                  
ffffffff  __c_args__                                 
ffffffff  binit                                      
UNDEFED   __mpu_init                                 
UNDEFED   _system_post_cinit                         

[145 symbols]
